SHA256_MANIFEST generated=2026-07-18T09:17:05.6051587-04:00
RAW name=CREL_STAGE4_ANALYSIS_RAW.log bytes=17935 sha256=A013FBA1EB9DCFA5F548EF20DDB1EE0E5B582CEC4D4F9DA16F9CFE1D86094A18
RAW name=CREL_STAGE4_BUILD_RAW.log bytes=775 sha256=7778DF8FDE1D1AB3C8EB902D527C5412AADF0707CDD3562CD0CFE9866DDFFB1C
RAW name=CREL_STAGE4_FMT_RAW.log bytes=280 sha256=ED48F95C253821BA7A1E32520ACACB9723A71703CFCC4E6A9D4CA49726C7566B
RAW name=CREL_STAGE4_R1_F1_RAW.log bytes=1035792 sha256=15F4230D08B67E743D57E8CB2BF3E61A4127568A3B0E1D21EC5713AA5B5CF8A3
RAW name=CREL_STAGE4_R1_F16_RAW.log bytes=1036004 sha256=E73D3F8F5C2C5332C153E47D30EAFD8D94FA6F789BD70356727129E3953623AC
RAW name=CREL_STAGE4_R1_F2_RAW.log bytes=1036180 sha256=969ECB13B5657F851FDD0DE08F395AF26B98FE75481E57155C246090BA4911A7
RAW name=CREL_STAGE4_R1_F32_RAW.log bytes=1035887 sha256=B5560AD4D6D93B83C37E47ED6D035A4BAEE2DBAD134627312494ADBD82170859
RAW name=CREL_STAGE4_R1_F4_RAW.log bytes=1035901 sha256=CB2449355706D7F6A9051CC04DADF76662A77F9BE09F0F8F41645CD4463BD900
RAW name=CREL_STAGE4_R1_F8_RAW.log bytes=1035931 sha256=D23A558704FBCA0DA18B23EC5CB0A77852A7DAFBE2AD97374D508EBA601E73D5
RAW name=CREL_STAGE4_R32_F1_RAW.log bytes=1036314 sha256=2A7EBC8CB7F0FC3C3C3D485AD72054FDFC0E924A013C679D089029A0F4BEBD78
RAW name=CREL_STAGE4_R32_F16_RAW.log bytes=1036322 sha256=2EB187250E13881557337AAA6BE28432384DD9C1CAAF9B62EB7C2F39B55A7895
RAW name=CREL_STAGE4_R32_F2_RAW.log bytes=1036201 sha256=C0CB224A4D7CD2C60F3816E3874FE5BC76BAF4A5298A1CA10CA1945E109CF8D6
RAW name=CREL_STAGE4_R32_F32_RAW.log bytes=1036303 sha256=50427E2CEDFA2697B4E191BFE9508DCB2D2DE8E0341E04950644CA0736883E5D
RAW name=CREL_STAGE4_R32_F4_RAW.log bytes=1036563 sha256=131F731D47C21D319C7862DCFB472147AD2B8215A6CA34C191C9B11857C1A74F
RAW name=CREL_STAGE4_R32_F8_RAW.log bytes=1036121 sha256=132038C6085F125414F3F5D1BE69B0153165AEBD4265FF2A83ED5D2E36CDE44C
RAW name=CREL_STAGE4_R64_F1_RAW.log bytes=1035816 sha256=80CD82F0917AD93C990AF1E11BC982C049E40B96B2E2EC6F3DFC856FBF52D4EC
RAW name=CREL_STAGE4_R64_F16_RAW.log bytes=1036179 sha256=97FCC90A87D5E33D46BCFAE2773E3760BAC98C701E2F2865535EC651E7A3D67A
RAW name=CREL_STAGE4_R64_F2_RAW.log bytes=1035913 sha256=AD3B94F8D71878A0CE56E2F940AD5CFE9FBC5B1EDA951207AD39BF24483B9A8F
RAW name=CREL_STAGE4_R64_F32_RAW.log bytes=1035919 sha256=97A4572F31ADC509242FCAF0E3423040D6ED9BF46F3DC4C54589FFBCCB2252F3
RAW name=CREL_STAGE4_R64_F4_RAW.log bytes=1035973 sha256=235918240A23943DDEA7B3DD91DE5D9B7E97E2959B628D2A29FA24269EF96207
RAW name=CREL_STAGE4_R64_F8_RAW.log bytes=1036014 sha256=C7319CEC0AC2801A4B64FE3540FA6FEC91A11D9035D65CFE64B6C5DAB31B603E
RAW name=CREL_STAGE4_R8_F1_RAW.log bytes=1035831 sha256=344E3C22C96EC7EE3D4FC55F9A59E174911AAC77DBC8315C3934A8E9B7D37643
RAW name=CREL_STAGE4_R8_F16_RAW.log bytes=1035912 sha256=FDB979E5139F21695CEA0763727989E4C65F1B7B622024B44C7E1AC2673F2E37
RAW name=CREL_STAGE4_R8_F2_RAW.log bytes=1035886 sha256=9F9F6C7E8846FE8B32851957B9A2FA15F41DBE4ECBE491FB05393ECCDC1551DA
RAW name=CREL_STAGE4_R8_F32_RAW.log bytes=1035806 sha256=6B7B1644A3DFC2F5E7438C32A15075C2DBA58B7F0208155226365C397198EB51
RAW name=CREL_STAGE4_R8_F4_RAW.log bytes=1035888 sha256=618CFD25B5FB1F88BAB1911CD6778EE3CD3D40CA162CBD2937D4F5A64E85E693
RAW name=CREL_STAGE4_R8_F8_RAW.log bytes=1035996 sha256=F7E2EDC34945A97B0BE058D3456B09F82CF6C4E983FA82A42A2DA3DA939D5C9E
