purpose=initial_release_compile
timestamp=2026-07-17T16:32:50.9370841-04:00
cargo_processes=0
free_gib=14.8522491455078
standby_gib=8.55965423583984
availability_gib=23.4119033813477
required_availability_gib=10
required_free_gib=5
ram_guard_processes=4
result=PASS

purpose=root_stabilizer_unit_final
timestamp=2026-07-17T16:40:48.7588470-04:00
cargo_processes=0
free_gib=14.6137199401855
standby_gib=8.6880989074707
availability_gib=23.3018188476563
required_availability_gib=10
required_free_gib=5
result=PASS

purpose=root_stabilizer_unit_retry
timestamp=2026-07-17T16:39:48.7468779-04:00
cargo_processes=0
free_gib=14.2780418395996
standby_gib=8.6823844909668
availability_gib=22.9604263305664
required_availability_gib=10
required_free_gib=5
result=PASS

purpose=root_stabilizer_unit_compile_and_test
timestamp=2026-07-17T16:38:53.9310380-04:00
cargo_processes=0
free_gib=14.2763824462891
standby_gib=8.68948364257813
availability_gib=22.9658660888672
required_availability_gib=10
required_free_gib=5
result=PASS

purpose=smoke_1gib
timestamp=2026-07-17T16:42:00.3516852-04:00
cargo_processes=0
free_gib=14.2343711853027
standby_gib=8.64567184448242
availability_gib=22.8800430297852
required_availability_gib=12
required_free_gib=6
result=PASS

purpose=atlas_quiet_unit
timestamp=2026-07-17T16:48:27.3164876-04:00
cargo_processes=0
free_gib=14.8521308898926
standby_gib=9.13723373413086
availability_gib=23.9893646240234
required_availability_gib=10
required_free_gib=5
result=PASS

purpose=atlas_quiet_unit_retry
timestamp=2026-07-17T16:49:15.3733429-04:00
cargo_processes=0
free_gib=14.1484794616699
standby_gib=8.77461242675781
availability_gib=22.9230918884277
required_availability_gib=10
required_free_gib=5
result=PASS

purpose=atlas_quiet_smoke_1gib
timestamp=2026-07-17T16:50:18.0730379-04:00
cargo_processes=0
free_gib=14.1681365966797
standby_gib=8.78327560424805
availability_gib=22.9514122009277
required_availability_gib=12
required_free_gib=6
result=PASS

purpose=top10_shadow_1gib
timestamp=2026-07-17T17:10:40.6663627-04:00
cargo_processes=0
free_gib=14.660831451416
standby_gib=8.90147399902344
availability_gib=23.5623054504395
required_availability_gib=12
required_free_gib=6
result=PASS

purpose=top10_cap128_ab_12x_1gib
timestamp=2026-07-17T17:11:43.8671541-04:00
cargo_processes=0
free_gib=14.6181449890137
standby_gib=8.87211227416992
availability_gib=23.4902572631836
required_availability_gib=12
required_free_gib=6
result=PASS

purpose=final_units
timestamp=2026-07-17T17:19:46.4918154-04:00
cargo_processes=0
free_gib=14.7482528686523
standby_gib=8.91146850585938
availability_gib=23.6597213745117
required_availability_gib=10
required_free_gib=5
result=PASS
